◇ injected env (0) from .env // tip: ⌘ custom filepath { path: '/custom/path/.env' }
🌱 MANIFESTING BATCH 20 COMMUNITY MEMBERS...
PrismaClientValidationError: 
Invalid `prisma.lifeJourneyStage.upsert()` invocation in
/Users/ppublications/Workspace/system/ui-lab/playground/ui-vedic-library-frontend-v2/apps/ingestion-service/scratch/seed_batch_20.ts:41:49

  38 if (m.primaryRole === 'Donor') mappedRole = UserRole.donor
  39 
  40 // 1. Ensure Journey Stage exists
→ 41 const stage = await prisma.lifeJourneyStage.upsert({
       where: {
         slug: "sadhaka"
       },
       update: {},
       create: {
         slug: "sadhaka",
         name: "Sadhaka",
         stageNumber: 3,
         dominantPurushartha: "Dharma",
                              ~~~~~~~~
         description: "Sadhaka level seeker.",
         category: "Spiritual"
       }
     })

Invalid value for argument `dominantPurushartha`. Expected Purushartha.
    at Pn (/Users/ppublications/Workspace/system/ui-lab/playground/ui-vedic-library-frontend-v2/node_modules/.pnpm/@prisma+client@6.4.1_prisma@6.4.1_typescript@5.7.3__typescript@5.7.3/node_modules/@prisma/client/runtime/library.js:29:1363)
    at Un.handleRequestError (/Users/ppublications/Workspace/system/ui-lab/playground/ui-vedic-library-frontend-v2/node_modules/.pnpm/@prisma+client@6.4.1_prisma@6.4.1_typescript@5.7.3__typescript@5.7.3/node_modules/@prisma/client/runtime/library.js:121:7090)
    at Un.handleAndLogRequestError (/Users/ppublications/Workspace/system/ui-lab/playground/ui-vedic-library-frontend-v2/node_modules/.pnpm/@prisma+client@6.4.1_prisma@6.4.1_typescript@5.7.3__typescript@5.7.3/node_modules/@prisma/client/runtime/library.js:121:6771)
    at Un.request (/Users/ppublications/Workspace/system/ui-lab/playground/ui-vedic-library-frontend-v2/node_modules/.pnpm/@prisma+client@6.4.1_prisma@6.4.1_typescript@5.7.3__typescript@5.7.3/node_modules/@prisma/client/runtime/library.js:121:6478)
    at async l (/Users/ppublications/Workspace/system/ui-lab/playground/ui-vedic-library-frontend-v2/node_modules/.pnpm/@prisma+client@6.4.1_prisma@6.4.1_typescript@5.7.3__typescript@5.7.3/node_modules/@prisma/client/runtime/library.js:130:9644)
    at async main (/Users/ppublications/Workspace/system/ui-lab/playground/ui-vedic-library-frontend-v2/apps/ingestion-service/scratch/seed_batch_20.ts:41:19) {
  clientVersion: '6.4.1'
}
undefined
 ERR_PNPM_RECURSIVE_EXEC_FIRST_FAIL  Command failed with exit code 1: tsx scratch/seed_batch_20.ts
