◇ injected env (0) from .env // tip: ◈ encrypted .env [www.dotenvx.com]
📬 MANIFESTING MULTI-CHANNEL VOICE...
PrismaClientValidationError: 
Invalid `prisma.communicationCampaign.create()` invocation in
/Users/ppublications/Workspace/system/ui-lab/playground/ui-vedic-library-frontend-v2/apps/ingestion-service/scratch/seed_communication.ts:45:40

  42 
  43 // 2. Seed Campaigns
  44 for (const c of CAMPAIGN_DATA) {
→ 45   await prisma.communicationCampaign.create({
         data: {
           orgId: "00000000-0000-0000-0000-000000000001",
           title: "Gita Jayanti Special Broadcast",
           content: "Join us in celebrating Gita Jayanti with special readings and reflections on Bhagavad-gita. Let us deepen our understanding together.",
           type: "WHATSAPP",
           status: "DRAFT",
           metadata: {
           ~~~~~~~~
             channel: "WhatsApp"
           },
       ?   id?: String,
       ?   targetTierId?: String | Null,
       ?   language?: Language | Null,
       ?   scheduledAt?: DateTime | Null,
       ?   sentAt?: DateTime | Null,
       ?   createdAt?: DateTime,
       ?   updatedAt?: DateTime
         }
       })

Unknown argument `metadata`. Available options are marked with ?.
    at Pn (/Users/ppublications/Workspace/system/ui-lab/playground/ui-vedic-library-frontend-v2/node_modules/.pnpm/@prisma+client@6.4.1_prisma@6.4.1_typescript@5.7.3__typescript@5.7.3/node_modules/@prisma/client/runtime/library.js:29:1363)
    at Un.handleRequestError (/Users/ppublications/Workspace/system/ui-lab/playground/ui-vedic-library-frontend-v2/node_modules/.pnpm/@prisma+client@6.4.1_prisma@6.4.1_typescript@5.7.3__typescript@5.7.3/node_modules/@prisma/client/runtime/library.js:121:7090)
    at Un.handleAndLogRequestError (/Users/ppublications/Workspace/system/ui-lab/playground/ui-vedic-library-frontend-v2/node_modules/.pnpm/@prisma+client@6.4.1_prisma@6.4.1_typescript@5.7.3__typescript@5.7.3/node_modules/@prisma/client/runtime/library.js:121:6771)
    at Un.request (/Users/ppublications/Workspace/system/ui-lab/playground/ui-vedic-library-frontend-v2/node_modules/.pnpm/@prisma+client@6.4.1_prisma@6.4.1_typescript@5.7.3__typescript@5.7.3/node_modules/@prisma/client/runtime/library.js:121:6478)
    at async l (/Users/ppublications/Workspace/system/ui-lab/playground/ui-vedic-library-frontend-v2/node_modules/.pnpm/@prisma+client@6.4.1_prisma@6.4.1_typescript@5.7.3__typescript@5.7.3/node_modules/@prisma/client/runtime/library.js:130:9644)
    at async main (/Users/ppublications/Workspace/system/ui-lab/playground/ui-vedic-library-frontend-v2/apps/ingestion-service/scratch/seed_communication.ts:45:5) {
  clientVersion: '6.4.1'
}
undefined
 ERR_PNPM_RECURSIVE_EXEC_FIRST_FAIL  Command failed with exit code 1: tsx scratch/seed_communication.ts
