◇ injected env (0) from .env // tip: ⌘ multiple files { path: ['.env.local', '.env'] }
📅 MANIFESTING COMPLIANCE HEARTBEAT...
PrismaClientValidationError: 
Invalid `prisma.complianceRecord.create()` invocation in
/Users/ppublications/Workspace/system/ui-lab/playground/ui-vedic-library-frontend-v2/apps/ingestion-service/scratch/seed_compliance.ts:53:35

  50 if (c.title.includes('Quarterly') || c.title.includes('GST')) frequency = 'QUARTERLY'
  51 if (c.title.includes('Renewal')) frequency = 'ONCE'
  52 
→ 53 await prisma.complianceRecord.create({
       data: {
         orgId: "00000000-0000-0000-0000-000000000001",
         name: "Annual General Meeting - FY24",
         type: "GOVERNANCE",
         frequency: "ANNUAL",
         dueDate: new Date("2026-09-30T00:00:00.000Z"),
         status: "PENDING",
         metadata: {
         ~~~~~~~~
           responsible: "Director"
         },
     ?   id?: String,
     ?   responsibleId?: String | Null,
     ?   supervisorId?: String | Null,
     ?   notes?: String | Null,
     ?   createdAt?: DateTime,
     ?   updatedAt?: DateTime
       }
     })

Unknown argument `metadata`. Available options are marked with ?.
    at Pn (/Users/ppublications/Workspace/system/ui-lab/playground/ui-vedic-library-frontend-v2/node_modules/.pnpm/@prisma+client@6.4.1_prisma@6.4.1_typescript@5.7.3__typescript@5.7.3/node_modules/@prisma/client/runtime/library.js:29:1363)
    at Un.handleRequestError (/Users/ppublications/Workspace/system/ui-lab/playground/ui-vedic-library-frontend-v2/node_modules/.pnpm/@prisma+client@6.4.1_prisma@6.4.1_typescript@5.7.3__typescript@5.7.3/node_modules/@prisma/client/runtime/library.js:121:7090)
    at Un.handleAndLogRequestError (/Users/ppublications/Workspace/system/ui-lab/playground/ui-vedic-library-frontend-v2/node_modules/.pnpm/@prisma+client@6.4.1_prisma@6.4.1_typescript@5.7.3__typescript@5.7.3/node_modules/@prisma/client/runtime/library.js:121:6771)
    at Un.request (/Users/ppublications/Workspace/system/ui-lab/playground/ui-vedic-library-frontend-v2/node_modules/.pnpm/@prisma+client@6.4.1_prisma@6.4.1_typescript@5.7.3__typescript@5.7.3/node_modules/@prisma/client/runtime/library.js:121:6478)
    at async l (/Users/ppublications/Workspace/system/ui-lab/playground/ui-vedic-library-frontend-v2/node_modules/.pnpm/@prisma+client@6.4.1_prisma@6.4.1_typescript@5.7.3__typescript@5.7.3/node_modules/@prisma/client/runtime/library.js:130:9644)
    at async main (/Users/ppublications/Workspace/system/ui-lab/playground/ui-vedic-library-frontend-v2/apps/ingestion-service/scratch/seed_compliance.ts:53:5) {
  clientVersion: '6.4.1'
}
undefined
 ERR_PNPM_RECURSIVE_EXEC_FIRST_FAIL  Command failed with exit code 1: tsx scratch/seed_compliance.ts
