◇ injected env (0) from .env // tip: ⌘ enable debugging { debug: true }
💰 MANIFESTING INSTITUTIONAL FINANCE...
PrismaClientValidationError: 
Invalid `prisma.financialAccount.upsert()` invocation in
/Users/ppublications/Workspace/system/ui-lab/playground/ui-vedic-library-frontend-v2/apps/ingestion-service/scratch/seed_finance.ts:48:41

  45 
  46 // 2. Create Accounts
  47 const accounts = {
→ 48   BANK: await prisma.financialAccount.upsert({
         where: {
           orgId_name: {
           ~~~~~~~~~~
             orgId: "00000000-0000-0000-0000-000000000001",
             name: "HDFC Main Institutional"
           },
       ?   id?: String,
       ?   AND?: FinancialAccountWhereInput | FinancialAccountWhereInput[],
       ?   OR?: FinancialAccountWhereInput[],
       ?   NOT?: FinancialAccountWhereInput | FinancialAccountWhereInput[],
       ?   orgId?: UuidFilter | String,
       ?   name?: StringFilter | String,
       ?   type?: StringFilter | String,
       ?   balance?: DecimalFilter | Decimal,
       ?   currency?: StringFilter | String,
       ?   createdAt?: DateTimeFilter | DateTime,
       ?   updatedAt?: DateTimeFilter | DateTime,
       ?   organization?: OrganizationScalarRelationFilter | OrganizationWhereInput,
       ?   outgoingTransactions?: TransactionListRelationFilter,
       ?   incomingTransactions?: TransactionListRelationFilter
         },
         update: {},
         create: {
           orgId: "00000000-0000-0000-0000-000000000001",
           name: "HDFC Main Institutional",
           type: "BANK",
           balance: 500000
         }
       })

Unknown argument `orgId_name`. Available options are marked with ?.
    at Pn (/Users/ppublications/Workspace/system/ui-lab/playground/ui-vedic-library-frontend-v2/node_modules/.pnpm/@prisma+client@6.4.1_prisma@6.4.1_typescript@5.7.3__typescript@5.7.3/node_modules/@prisma/client/runtime/library.js:29:1363)
    at Un.handleRequestError (/Users/ppublications/Workspace/system/ui-lab/playground/ui-vedic-library-frontend-v2/node_modules/.pnpm/@prisma+client@6.4.1_prisma@6.4.1_typescript@5.7.3__typescript@5.7.3/node_modules/@prisma/client/runtime/library.js:121:7090)
    at Un.handleAndLogRequestError (/Users/ppublications/Workspace/system/ui-lab/playground/ui-vedic-library-frontend-v2/node_modules/.pnpm/@prisma+client@6.4.1_prisma@6.4.1_typescript@5.7.3__typescript@5.7.3/node_modules/@prisma/client/runtime/library.js:121:6771)
    at Un.request (/Users/ppublications/Workspace/system/ui-lab/playground/ui-vedic-library-frontend-v2/node_modules/.pnpm/@prisma+client@6.4.1_prisma@6.4.1_typescript@5.7.3__typescript@5.7.3/node_modules/@prisma/client/runtime/library.js:121:6478)
    at async l (/Users/ppublications/Workspace/system/ui-lab/playground/ui-vedic-library-frontend-v2/node_modules/.pnpm/@prisma+client@6.4.1_prisma@6.4.1_typescript@5.7.3__typescript@5.7.3/node_modules/@prisma/client/runtime/library.js:130:9644)
    at async main (/Users/ppublications/Workspace/system/ui-lab/playground/ui-vedic-library-frontend-v2/apps/ingestion-service/scratch/seed_finance.ts:48:11) {
  clientVersion: '6.4.1'
}
undefined
 ERR_PNPM_RECURSIVE_EXEC_FIRST_FAIL  Command failed with exit code 1: tsx scratch/seed_finance.ts
